
> IT Company Website Design@0.1.0 build
> vite build

[36mvite v6.3.5 [32mbuilding for production...[36m[39m
transforming...
[32mΓ£ô[39m 2020 modules transformed.
rendering chunks...
computing gzip size...
[2mbuild/[22m[32mindex.html                 [39m[1m[2m  0.44 kB[22m[1m[22m[2m Γöé gzip:   0.29 kB[22m
[2mbuild/[22m[35massets/index-C07SwXI5.css  [39m[1m[2m 58.95 kB[22m[1m[22m[2m Γöé gzip:   8.71 kB[22m
[2mbuild/[22m[36massets/index-CJyUIPM-.js   [39m[1m[2m405.11 kB[22m[1m[22m[2m Γöé gzip: 114.01 kB[22m
[32mΓ£ô built in 8.78s[39m
